// Jest Snapshot v1, https://goo.gl/fbAQLP

exports[`Tooltip aligned tooltip matches snapshot 1`] = `
<Tooltip
  align="right"
  content={
    <Section
      noSeparator={true}
    >
      <Chunk>
        <h2
          className="text--big text--bold"
        >
          Dropdown content
        </h2>
      </Chunk>
    </Section>
  }
  direction="top"
  id="testDropdown"
  minWidth="0px"
  noPortal={false}
  trigger={
    <Button
      component="button"
      small={true}
      type="button"
    >
      Open
    </Button>
  }
/>
`;

exports[`Tooltip tooltip with a close button should render correctly 1`] = `
<Tooltip
  align="right"
  content={
    <Section
      noSeparator={true}
    >
      <Chunk>
        <h2
          className="text--big text--bold"
        >
          Dropdown content
        </h2>
      </Chunk>
    </Section>
  }
  direction="bottom"
  id="testDropdown"
  isActive={true}
  minWidth="0px"
  noPortal={false}
  trigger={
    <Button
      component="button"
      small={true}
      type="button"
    >
      Open
    </Button>
  }
  withClose={true}
>
  <div
    className="popup"
    onMouseLeave={[Function]}
  >
    <div
      aria-labelledby="testDropdown"
      className="popup-trigger"
      onBlur={[Function]}
      onFocus={[Function]}
      onMouseEnter={[Function]}
    >
      <Button
        component="button"
        small={true}
        type="button"
      >
        <button
          className="button button--small"
          type="button"
        >
          Open
        </button>
      </Button>
    </div>
    <WithMatchMedia(FloatingPosition)
      align="right"
      direction="bottom"
      getContent={[Function]}
      getTrigger={[Function]}
      noPortal={false}
    >
      <FloatingPosition
        align="right"
        direction="bottom"
        getContent={[Function]}
        getTrigger={[Function]}
        media={Object {}}
        noPortal={false}
      >
        <ConditionalWrap
          condition={true}
          wrap={[Function]}
        >
          <Portal>
            <Portal
              containerInfo={
                <div>
                  <div
                    aria-hidden="false"
                    class="popup-content tooltip-content popup-content--right display--block"
                    id="testDropdown"
                    role="tooltip"
                    style="left: 0px; top: 0px; min-width: 0px; max-width: 200px;"
                  >
                    <div
                      class="popup-bubble tooltip-bubble inverted popup-bubble--active popup-bubble--right"
                    >
                      <button
                        class="button button--reset button--iconOnly tooltip-closeBtn"
                        type="button"
                      >
                        <div
                          class="flex flex--row flex--center button-icon-wrapper"
                        >
                          <div
                            class="flex-item flex-item--shrink button-icon valign--middle flush--left"
                          >
                            <span
                              class="svg svg--cross text--secondary"
                            >
                              <svg
                                class="svg-icon valign--middle"
                                height="24"
                                preserveAspectRatio="xMinYMin meet"
                                role="img"
                                viewBox="0 0 24 24"
                                width="24"
                              >
                                <use
                                  xlink:href="#icon-cross--small"
                                />
                              </svg>
                            </span>
                          </div>
                        </div>
                      </button>
                      <section
                        class="section"
                      >
                        <div
                          class="chunk"
                        >
                          <h2
                            class="text--big text--bold"
                          >
                            Dropdown content
                          </h2>
                        </div>
                      </section>
                    </div>
                  </div>
                </div>
              }
            >
              <div
                aria-hidden={false}
                className="popup-content tooltip-content popup-content--right display--block"
                id="testDropdown"
                role="tooltip"
                style={
                  Object {
                    "left": "0px",
                    "maxWidth": "200px",
                    "minWidth": "0px",
                    "top": "0px",
                  }
                }
              >
                <div
                  className="popup-bubble tooltip-bubble inverted popup-bubble--active popup-bubble--right"
                >
                  <Button
                    className="tooltip-closeBtn"
                    component="button"
                    icon={
                      <Icon
                        className="text--secondary"
                        shape="cross"
                        size="s"
                      />
                    }
                    onClick={[Function]}
                    reset={true}
                    type="button"
                  >
                    <button
                      className="button button--reset button--iconOnly tooltip-closeBtn"
                      onClick={[Function]}
                      type="button"
                    >
                      <Flex
                        className="button-icon-wrapper"
                        justify="center"
                      >
                        <FlexComponent
                          className="button-icon-wrapper"
                          direction="row"
                          justify="center"
                        >
                          <div
                            className="flex flex--row flex--center button-icon-wrapper"
                          >
                            <FlexItem
                              className="button-icon valign--middle flush--left"
                              shrink={true}
                            >
                              <FlexItemComponent
                                className="button-icon valign--middle flush--left"
                                shrink={true}
                              >
                                <div
                                  className="flex-item flex-item--shrink button-icon valign--middle flush--left"
                                >
                                  <Icon
                                    className="text--secondary"
                                    shape="cross"
                                    size="s"
                                  >
                                    <span
                                      className="svg svg--cross text--secondary"
                                    >
                                      <svg
                                        className="svg-icon valign--middle"
                                        height="24"
                                        preserveAspectRatio="xMinYMin meet"
                                        role="img"
                                        style={Object {}}
                                        viewBox="0 0 24 24"
                                        width="24"
                                      >
                                        <use
                                          xlinkHref="#icon-cross--small"
                                        />
                                      </svg>
                                    </span>
                                  </Icon>
                                </div>
                              </FlexItemComponent>
                            </FlexItem>
                          </div>
                        </FlexComponent>
                      </Flex>
                    </button>
                  </Button>
                  <Section
                    noSeparator={true}
                  >
                    <SectionComponent
                      noSeparator={true}
                    >
                      <section
                        className="section"
                      >
                        <Chunk>
                          <ChunkComponent>
                            <div
                              className="chunk"
                            >
                              <h2
                                className="text--big text--bold"
                              >
                                Dropdown content
                              </h2>
                            </div>
                          </ChunkComponent>
                        </Chunk>
                      </section>
                    </SectionComponent>
                  </Section>
                </div>
              </div>
            </Portal>
          </Portal>
        </ConditionalWrap>
      </FloatingPosition>
    </WithMatchMedia(FloatingPosition)>
  </div>
</Tooltip>
`;
