// Jest Snapshot v1, https://goo.gl/fbAQLP

exports[`Profile Dropdown should match snapshot 1`] = `
<FlexComponent
  className="profileDropdown-content align--left padding--all"
  justify="spaceBetween"
>
  <FlexItemComponent
    growFactor={2}
  >
    <ChunkComponent>
      <ul
        className="list"
      >
        <li
          className="profileDropdown-content-group list-item"
          key="1111"
        >
          <a>
            hello 1
          </a>
        </li>
        <li
          className="profileDropdown-content-group list-item"
          key="2222"
        >
          <a>
            hello 2
          </a>
        </li>
        <li
          className="profileDropdown-content-group list-item"
          key="3333"
        >
          <a>
            hello 3
          </a>
        </li>
        <li
          className="profileDropdown-content-group list-item"
          key="4444"
        >
          <a>
            hello 4
          </a>
        </li>
      </ul>
    </ChunkComponent>
    <a
      className="button button--small text--small"
      href="meetup.com/find"
    >
      All Groups
      <Icon
        className="margin--left"
        color="rgb(255, 255, 255)"
        shape="chevron-right"
        size="xs"
      />
    </a>
  </FlexItemComponent>
  <FlexItemComponent
    className="text--secondary margin--left"
    growFactor={1}
  >
    <ul
      className="list"
    >
      <li
        className="list-item"
      >
        <a
          href="meetup.com"
        >
          Profile
        </a>
      </li>
      <li
        className="list-item"
      >
        <a
          href="meetup.com"
        >
          Settings
        </a>
      </li>
      <li
        className="list-item"
      >
        <a
          href="meetup.com"
        >
          Help
        </a>
      </li>
      <li
        className="list-item"
      >
        <a
          href="meetup.com"
        >
          Logout
        </a>
      </li>
    </ul>
  </FlexItemComponent>
</FlexComponent>
`;
