// Jest Snapshot v1, https://goo.gl/fbAQLP

exports[`ReduxTextInput renders a required HTML <input> with expected attributes for mock data 1`] = `
<Provider
  store={
    Object {
      "dispatch": [Function],
      "getState": [Function],
      "replaceReducer": [Function],
      "subscribe": [Function],
      Symbol(Symbol.observable): [Function],
    }
  }
>
  <ReduxForm>
    <Connect(Form(FormComponent))
      destroyOnUnmount={true}
      enableReinitialize={false}
      forceUnregisterOnUnmount={false}
      form="testForm"
      getFormState={[Function]}
      keepDirtyOnReinitialize={false}
      persistentSubmitErrors={false}
      pure={true}
      shouldAsyncValidate={[Function]}
      shouldValidate={[Function]}
      touchOnBlur={true}
      touchOnChange={false}
    >
      <Form(FormComponent)
        anyTouched={false}
        array={
          Object {
            "insert": [Function],
            "move": [Function],
            "pop": [Function],
            "push": [Function],
            "remove": [Function],
            "removeAll": [Function],
            "shift": [Function],
            "splice": [Function],
            "swap": [Function],
            "unshift": [Function],
          }
        }
        arrayInsert={[Function]}
        arrayMove={[Function]}
        arrayPop={[Function]}
        arrayPush={[Function]}
        arrayRemove={[Function]}
        arrayRemoveAll={[Function]}
        arrayShift={[Function]}
        arraySplice={[Function]}
        arraySwap={[Function]}
        arrayUnshift={[Function]}
        asyncValidating={false}
        autofill={[Function]}
        blur={[Function]}
        change={[Function]}
        clearAsyncError={[Function]}
        clearSubmit={[Function]}
        clearSubmitErrors={[Function]}
        destroy={[Function]}
        destroyOnUnmount={true}
        dirty={false}
        dispatch={[Function]}
        enableReinitialize={false}
        focus={[Function]}
        forceUnregisterOnUnmount={false}
        form="testForm"
        getFormState={[Function]}
        initialize={[Function]}
        initialized={false}
        invalid={false}
        keepDirtyOnReinitialize={false}
        persistentSubmitErrors={false}
        pristine={true}
        pure={true}
        registerField={[Function]}
        reset={[Function]}
        setSubmitFailed={[Function]}
        setSubmitSucceeded={[Function]}
        shouldAsyncValidate={[Function]}
        shouldValidate={[Function]}
        startAsyncValidation={[Function]}
        startSubmit={[Function]}
        stopAsyncValidation={[Function]}
        stopSubmit={[Function]}
        submit={[Function]}
        submitFailed={false}
        submitSucceeded={false}
        submitting={false}
        syncErrors={Object {}}
        syncWarnings={Object {}}
        touch={[Function]}
        touchOnBlur={true}
        touchOnChange={false}
        unregisterField={[Function]}
        untouch={[Function]}
        updateSyncErrors={[Function]}
        updateSyncWarnings={[Function]}
        valid={true}
        validExceptSubmit={true}
        values={Object {}}
      >
        <FormComponent
          anyTouched={false}
          array={
            Object {
              "insert": [Function],
              "move": [Function],
              "pop": [Function],
              "push": [Function],
              "remove": [Function],
              "removeAll": [Function],
              "shift": [Function],
              "splice": [Function],
              "swap": [Function],
              "unshift": [Function],
            }
          }
          asyncValidate={[Function]}
          asyncValidating={false}
          autofill={[Function]}
          blur={[Function]}
          change={[Function]}
          clearAsyncError={[Function]}
          clearSubmit={[Function]}
          clearSubmitErrors={[Function]}
          destroy={[Function]}
          dirty={false}
          dispatch={[Function]}
          form="testForm"
          handleSubmit={[Function]}
          initialize={[Function]}
          initialized={false}
          invalid={false}
          pristine={true}
          pure={true}
          reset={[Function]}
          submit={[Function]}
          submitFailed={false}
          submitSucceeded={false}
          submitting={false}
          touch={[Function]}
          untouch={[Function]}
          valid={true}
        >
          <form
            name="testForm"
          >
            <Field
              component={[Function]}
              error="Did you mean Batman and Robin?"
              label="Super Hero"
              maxLength={20}
              name="superhero"
              required={true}
              value="Wonder Woman and Robin"
            >
              <Connect(ConnectedField)
                _reduxForm={
                  Object {
                    "anyTouched": false,
                    "array": Object {
                      "insert": [Function],
                      "move": [Function],
                      "pop": [Function],
                      "push": [Function],
                      "remove": [Function],
                      "removeAll": [Function],
                      "shift": [Function],
                      "splice": [Function],
                      "swap": [Function],
                      "unshift": [Function],
                    },
                    "arrayInsert": [Function],
                    "arrayMove": [Function],
                    "arrayPop": [Function],
                    "arrayPush": [Function],
                    "arrayRemove": [Function],
                    "arrayRemoveAll": [Function],
                    "arrayShift": [Function],
                    "arraySplice": [Function],
                    "arraySwap": [Function],
                    "arrayUnshift": [Function],
                    "asyncErrors": undefined,
                    "asyncValidate": [Function],
                    "asyncValidating": false,
                    "autofill": [Function],
                    "blur": [Function],
                    "change": [Function],
                    "children": <Field
                      component={[Function]}
                      error="Did you mean Batman and Robin?"
                      label="Super Hero"
                      maxLength={20}
                      name="superhero"
                      required={true}
                      value="Wonder Woman and Robin"
                  />,
                    "clearAsyncError": [Function],
                    "clearSubmit": [Function],
                    "clearSubmitErrors": [Function],
                    "destroy": [Function],
                    "destroyOnUnmount": true,
                    "dirty": false,
                    "dispatch": [Function],
                    "enableReinitialize": false,
                    "error": undefined,
                    "focus": [Function],
                    "forceUnregisterOnUnmount": false,
                    "form": "testForm",
                    "getFormState": [Function],
                    "getValues": [Function],
                    "initialValues": undefined,
                    "initialize": [Function],
                    "initialized": false,
                    "invalid": false,
                    "keepDirtyOnReinitialize": false,
                    "persistentSubmitErrors": false,
                    "pristine": true,
                    "pure": true,
                    "register": [Function],
                    "registerField": [Function],
                    "registerInnerOnSubmit": [Function],
                    "registeredFields": undefined,
                    "reset": [Function],
                    "sectionPrefix": undefined,
                    "setSubmitFailed": [Function],
                    "setSubmitSucceeded": [Function],
                    "shouldAsyncValidate": [Function],
                    "shouldValidate": [Function],
                    "startAsyncValidation": [Function],
                    "startSubmit": [Function],
                    "stopAsyncValidation": [Function],
                    "stopSubmit": [Function],
                    "submit": [Function],
                    "submitFailed": false,
                    "submitSucceeded": false,
                    "submitting": false,
                    "syncErrors": Object {},
                    "syncWarnings": Object {},
                    "touch": [Function],
                    "touchOnBlur": true,
                    "touchOnChange": false,
                    "triggerSubmit": undefined,
                    "unregister": [Function],
                    "unregisterField": [Function],
                    "untouch": [Function],
                    "updateSyncErrors": [Function],
                    "updateSyncWarnings": [Function],
                    "valid": true,
                    "validExceptSubmit": true,
                    "values": Object {},
                    "warning": undefined,
                  }
                }
                component={[Function]}
                error="Did you mean Batman and Robin?"
                label="Super Hero"
                maxLength={20}
                name="superhero"
                normalize={[Function]}
                required={true}
                value="Wonder Woman and Robin"
              >
                <ConnectedField
                  _reduxForm={
                    Object {
                      "anyTouched": false,
                      "array": Object {
                        "insert": [Function],
                        "move": [Function],
                        "pop": [Function],
                        "push": [Function],
                        "remove": [Function],
                        "removeAll": [Function],
                        "shift": [Function],
                        "splice": [Function],
                        "swap": [Function],
                        "unshift": [Function],
                      },
                      "arrayInsert": [Function],
                      "arrayMove": [Function],
                      "arrayPop": [Function],
                      "arrayPush": [Function],
                      "arrayRemove": [Function],
                      "arrayRemoveAll": [Function],
                      "arrayShift": [Function],
                      "arraySplice": [Function],
                      "arraySwap": [Function],
                      "arrayUnshift": [Function],
                      "asyncErrors": undefined,
                      "asyncValidate": [Function],
                      "asyncValidating": false,
                      "autofill": [Function],
                      "blur": [Function],
                      "change": [Function],
                      "children": <Field
                        component={[Function]}
                        error="Did you mean Batman and Robin?"
                        label="Super Hero"
                        maxLength={20}
                        name="superhero"
                        required={true}
                        value="Wonder Woman and Robin"
                    />,
                      "clearAsyncError": [Function],
                      "clearSubmit": [Function],
                      "clearSubmitErrors": [Function],
                      "destroy": [Function],
                      "destroyOnUnmount": true,
                      "dirty": false,
                      "dispatch": [Function],
                      "enableReinitialize": false,
                      "error": undefined,
                      "focus": [Function],
                      "forceUnregisterOnUnmount": false,
                      "form": "testForm",
                      "getFormState": [Function],
                      "getValues": [Function],
                      "initialValues": undefined,
                      "initialize": [Function],
                      "initialized": false,
                      "invalid": false,
                      "keepDirtyOnReinitialize": false,
                      "persistentSubmitErrors": false,
                      "pristine": true,
                      "pure": true,
                      "register": [Function],
                      "registerField": [Function],
                      "registerInnerOnSubmit": [Function],
                      "registeredFields": undefined,
                      "reset": [Function],
                      "sectionPrefix": undefined,
                      "setSubmitFailed": [Function],
                      "setSubmitSucceeded": [Function],
                      "shouldAsyncValidate": [Function],
                      "shouldValidate": [Function],
                      "startAsyncValidation": [Function],
                      "startSubmit": [Function],
                      "stopAsyncValidation": [Function],
                      "stopSubmit": [Function],
                      "submit": [Function],
                      "submitFailed": false,
                      "submitSucceeded": false,
                      "submitting": false,
                      "syncErrors": Object {},
                      "syncWarnings": Object {},
                      "touch": [Function],
                      "touchOnBlur": true,
                      "touchOnChange": false,
                      "triggerSubmit": undefined,
                      "unregister": [Function],
                      "unregisterField": [Function],
                      "untouch": [Function],
                      "updateSyncErrors": [Function],
                      "updateSyncWarnings": [Function],
                      "valid": true,
                      "validExceptSubmit": true,
                      "values": Object {},
                      "warning": undefined,
                    }
                  }
                  _value="Wonder Woman and Robin"
                  asyncValidating={false}
                  component={[Function]}
                  dirty={false}
                  dispatch={[Function]}
                  error="Did you mean Batman and Robin?"
                  label="Super Hero"
                  maxLength={20}
                  name="superhero"
                  normalize={[Function]}
                  pristine={true}
                  required={true}
                >
                  <ReduxTextInput
                    error="Did you mean Batman and Robin?"
                    input={
                      Object {
                        "name": "superhero",
                        "onBlur": [Function],
                        "onChange": [Function],
                        "onDragStart": [Function],
                        "onDrop": [Function],
                        "onFocus": [Function],
                        "value": "",
                      }
                    }
                    label="Super Hero"
                    maxLength={20}
                    meta={
                      Object {
                        "active": false,
                        "asyncValidating": false,
                        "autofilled": false,
                        "dirty": false,
                        "dispatch": [Function],
                        "error": undefined,
                        "form": "testForm",
                        "initial": undefined,
                        "invalid": false,
                        "pristine": true,
                        "submitFailed": false,
                        "submitting": false,
                        "touched": false,
                        "valid": true,
                        "visited": false,
                        "warning": undefined,
                      }
                    }
                    required={true}
                  >
                    <TextInput
                      error="Did you mean Batman and Robin?"
                      label="Super Hero"
                      maxLength={20}
                      name="superhero"
                      onBlur={[Function]}
                      onChange={[Function]}
                      onDragStart={[Function]}
                      onDrop={[Function]}
                      onFocus={[Function]}
                      required={true}
                      value=""
                    >
                      <div>
                        <label
                          className="label--field required"
                        >
                          Super Hero
                        </label>
                        <input
                          className="field--error"
                          maxLength={20}
                          name="superhero"
                          onBlur={[Function]}
                          onChange={[Function]}
                          onDragStart={[Function]}
                          onDrop={[Function]}
                          onFocus={[Function]}
                          required={true}
                          type="text"
                          value=""
                        />
                        <p
                          className="text--caption align--right"
                        >
                          0
                           / 
                          20
                        </p>
                        <p
                          className="text--error"
                        >
                          Did you mean Batman and Robin?
                        </p>
                      </div>
                    </TextInput>
                  </ReduxTextInput>
                </ConnectedField>
              </Connect(ConnectedField)>
            </Field>
          </form>
        </FormComponent>
      </Form(FormComponent)>
    </Connect(Form(FormComponent))>
  </ReduxForm>
</Provider>
`;
