// Jest Snapshot v1, https://goo.gl/fbAQLP

exports[`redux-form Calendar Component renders a Calendar component with expected attributes from mock data 1`] = `
<WithErrorList(CalendarComponent)
  className="beyonce-halo"
  error={null}
  id="beyonce"
  name="halo"
  onBlur={[Function]}
  onFocus={[Function]}
  value={2012-10-12T00:00:00.000Z}
/>
`;
