// Jest Snapshot v1, https://goo.gl/fbAQLP

exports[`redux-form DateTimePicker should render a DateTimePicker with expected props from mock attributes 1`] = `
<DateTimePicker
  datepickerOptions={
    Object {
      "dateOnly": true,
      "maxDate": 2000-01-01T06:59:00.000Z,
      "minDate": 2000-01-01T04:59:00.000Z,
    }
  }
  error="Not a valid date"
  id="eventStart"
  label="Start time"
  name="starttime"
  reduxInputValue={2000-01-01T04:59:00.000Z}
  required={true}
  value={2000-01-01T04:59:00.000Z}
/>
`;
