// Jest Snapshot v1, https://goo.gl/fbAQLP

exports[`redux-form DateTimeLocalInput renders a DateTimeLocalInput with expected props from mock data 1`] = `
<WithErrorList(DateTimeLocalInput)
  error="Too soon."
  label="Y2K"
  max="2017-06-30T16:30"
  min="1999-12-31T23:55"
  name="y2k_date"
  required={true}
  value=" 2000-01-01T00:01"
/>
`;
