// Jest Snapshot v1, https://goo.gl/fbAQLP

exports[`redux-form TextInput renders a TextInput component with expected attributes from mock data 1`] = `
<WithErrorList(TextInput)
  error={null}
  label="Super Hero"
  maxLength={20}
  name="superhero"
  required={true}
  value="Wonder Woman and Robin"
/>
`;
