// Jest Snapshot v1, https://goo.gl/fbAQLP

exports[`FormSection exists and contains form section wrapping elements with proper attributes 1`] = `
<Component
  className="border--none"
>
  <Component
    flushUntil="large"
    initialHeight={true}
    loadingProps={Object {}}
  >
    <Component
      narrow={true}
    >
      <Component
        className="border--none padding--top"
        hasSeparator={true}
      />
    </Component>
  </Component>
</Component>
`;
