// Jest Snapshot v1, https://goo.gl/fbAQLP

exports[`FormSection exists and contains form section wrapping elements with proper attributes 1`] = `
<SectionComponent
  className="border--none"
>
  <CardComponent
    flushUntil="large"
    initialHeight={true}
    loadingProps={Object {}}
  >
    <BoundsComponent
      narrow={true}
    >
      <SectionComponent
        className="border--none padding--top"
        hasSeparator={true}
      />
    </BoundsComponent>
  </CardComponent>
</SectionComponent>
`;
