// Jest Snapshot v1, https://goo.gl/fbAQLP

exports[`Footer exists 1`] = `
<footer
  className="column-item column-item--shrink"
  id="mupFooter"
>
  <Stripe
    className="footerStripe-main"
    inverted={true}
  >
    <Bounds
      className="bounds--footer"
      narrow={true}
    >
      <Section
        hasSeparator={true}
      >
        <Chunk>
          <a
            className="link link--white"
            href="/create/"
          >
            Create a Meetup
          </a>
        </Chunk>
      </Section>
      <Section
        className="border--none"
        hasSeparator={true}
      >
        <Flex
          direction="column"
          switchDirection="large"
        >
          <FlexItem
            className="margin--bottom"
          >
            <Flex
              direction="column"
              switchDirection="medium"
            >
              <FlexItem
                key="linkSet-0"
              >
                <FooterCategory
                  header="Your Account"
                  items={
                    Array [
                      <a
                        href="/register"
                      >
                        Settings
                      </a>,
                      <a
                        href="/logout"
                      >
                        Log out
                      </a>,
                      <a
                        href="/help"
                      >
                        Help
                      </a>,
                    ]
                  }
                />
              </FlexItem>
              <FlexItem
                key="linkSet-1"
              >
                <FooterCategory
                  header="Discover"
                  items={
                    Array [
                      <a
                        href="/groups"
                      >
                        Groups
                      </a>,
                      <a
                        href="/calendar"
                      >
                        Calendar
                      </a>,
                      <a
                        href="/topics"
                      >
                        Topics
                      </a>,
                      <a
                        href="/cities"
                      >
                        Cities
                      </a>,
                    ]
                  }
                />
              </FlexItem>
              <FlexItem
                key="linkSet-2"
              >
                <FooterCategory
                  header="Meetup"
                  items={
                    Array [
                      <a
                        href="/about"
                      >
                        About
                      </a>,
                      <a
                        href="/pro"
                      >
                        Meetup Pro
                      </a>,
                      <a
                        href="/jobs"
                      >
                        Careers
                      </a>,
                      <a
                        href="/apps"
                      >
                        Apps
                      </a>,
                      <a
                        href="/blog"
                      >
                        Blog
                      </a>,
                    ]
                  }
                />
              </FlexItem>
            </Flex>
          </FlexItem>
          <FlexItem
            shrink={true}
          >
            <Flex
              direction="column"
              noGutters={true}
            >
              <FlexItem
                shrink={true}
              >
                <Chunk
                  className="align--center atMedium_align--left"
                >
                  <h4
                    className="text--bold margin--bottom"
                  >
                    Follow Us
                  </h4>
                  <SocialIconsList
                    localeCode="en-US"
                  />
                </Chunk>
              </FlexItem>
              <FlexItem>
                <Flex
                  direction="column"
                  justify={null}
                >
                  <FlexItem
                    shrink={true}
                  >
                    <Chunk
                      className="align--center atMedium_align--left margin--top"
                    >
                      <AppBadges
                        getAppStorePhoto={[Function]}
                        language="en"
                      />
                    </Chunk>
                  </FlexItem>
                </Flex>
              </FlexItem>
            </Flex>
          </FlexItem>
        </Flex>
      </Section>
    </Bounds>
  </Stripe>
  <Stripe
    className="footerStripe-legal border--none"
    inverted={true}
  >
    <Bounds>
      <div
        className="padding--all"
      >
        <InlineBlockList
          className="text--small align--center atMedium_align--left footerList-legal"
          items={
            Array [
              <span>
                © 2023 Meetup LLC
              </span>,
            ]
          }
          separator="·"
        />
        <InlineBlockList
          className="text--small align--center atMedium_align--left margin--top"
          items={
            Array [
              <a
                href="/terms"
              >
                Terms
              </a>,
              <a
                href="/privacy"
              >
                Privacy
              </a>,
              <a
                href="/cookie_policy"
              >
                Cookies
              </a>,
            ]
          }
          separator="·"
        />
      </div>
    </Bounds>
  </Stripe>
</footer>
`;

exports[`Footer should render FooterCategory with linkSet 1`] = `
<Chunk>
  <h4
    className="text--bold margin--bottom"
  >
    Your Account
  </h4>
  <GridList
    className="text--secondary text--small"
    columns={
      Object {
        "default": 2,
        "medium": 1,
      }
    }
    itemClassNames="footer-item"
    items={
      Array [
        <a
          href="/register"
        >
          Settings
        </a>,
        <a
          href="/logout"
        >
          Log out
        </a>,
        <a
          href="/help"
        >
          Help
        </a>,
      ]
    }
  />
</Chunk>
`;
