// Jest Snapshot v1, https://goo.gl/fbAQLP

exports[`SignupModal should match the snapshot 1`] = `
<WithLoading(Modal)
  className="meetup-signupModal"
  fixed={true}
  onDismiss={[Function]}
>
  <div
    className="meetup-signupModal-wrapper"
  >
    <WithLoading(Chunk)>
      <h1
        className="text--big"
      >
        Sign up
      </h1>
    </WithLoading(Chunk)>
    <WithLoading(Chunk)>
      <div
        className="text--secondary display--inlineBlock marginHalf--right"
      >
        Already a member?
      </div>
      <a
        className="padding--left-half link display--inlineBlock"
        href="meetup.com/login"
      >
        Login
      </a>
    </WithLoading(Chunk)>
    <WithLoading(Chunk)
      className="margin--top"
    >
      <a
        className="meetup-signupModal-facebook button button--fullWidth button--hasHoverShadow padding--left-half text--bold text--white"
        href="facebook.com"
      >
        <WithLoading(Flex)>
          <WithLoading(FlexItem)
            className="inverted"
            shrink={true}
          >
            <Icon
              className="align--left"
              shape="external-facebook"
              size="xs"
            />
          </WithLoading(FlexItem)>
          <WithLoading(FlexItem)
            className="flush--left"
          >
            Facebook
          </WithLoading(FlexItem)>
        </WithLoading(Flex)>
      </a>
    </WithLoading(Chunk)>
    <WithLoading(Chunk)>
      <a
        className="meetup-signupModal-google button button--bordered button--fullWidth padding--left-half text--bold"
        href="google.com"
      >
        <WithLoading(Flex)>
          <WithLoading(FlexItem)
            shrink={true}
          >
            <img
              className="align--left"
              src=""
            />
          </WithLoading(FlexItem)>
          <WithLoading(FlexItem)
            className="flush--left"
          >
            Google
          </WithLoading(FlexItem)>
        </WithLoading(Flex)>
      </a>
    </WithLoading(Chunk)>
    <div
      className="meetup-signupModal-or margin--bottom align--center text--labelSecondary text--normal"
    >
      Or
    </div>
    <WithLoading(Chunk)>
      <a
        className="meetup-signupModal-email button button--bordered button--fullWidth padding--left-half text--bold"
        href="meetup.com/email"
      >
        <WithLoading(Flex)>
          <WithLoading(FlexItem)
            shrink={true}
          >
            <Icon
              className="align--left"
              color="rgb(117, 117, 117)"
              shape="mail"
              size="xs"
            />
          </WithLoading(FlexItem)>
          <WithLoading(FlexItem)
            className="flush--left"
          >
            Email
          </WithLoading(FlexItem)>
        </WithLoading(Flex)>
      </a>
    </WithLoading(Chunk)>
  </div>
</WithLoading(Modal)>
`;
