// Jest Snapshot v1, https://goo.gl/fbAQLP

exports[`Cal matches snapshot 1`] = `
<Cal
  className="beyonce-halo"
  datepickerOptions={
    Object {
      "dateFormat": "m-d-Y",
    }
  }
  error="this is an error"
  helperText="I'm here to help"
  id="beyonce"
  label="Enter Your Favorite Day"
  name="halo"
  onChange={[Function]}
  suppressError={false}
  value={2012-10-12T00:00:00.000Z}
>
  <div>
    <label
      className="flush--bottom beyonce-halo"
      htmlFor="beyonce"
    >
      Enter Your Favorite Day
    </label>
    <div
      className="helperTextContainer"
    >
      I'm here to help
    </div>
    <DateTimePicker
      aria-label="Use arrow keys to navigate the calendar"
      className="input--dateTimePicker select--reset field--error"
      id="beyonce"
      onChange={[Function]}
      options={
        Object {
          "altFormat": "D M d, Y",
          "altInput": true,
          "dateFormat": "m-d-Y",
          "nextArrow": "<span class=\\"svg svg--chevron-right\\">
        				<svg preserveAspectRatio=\\"xMinYMin meet\\" width=\\"12\\" height=\\"12\\" viewBox=\\"0 0 12 12\\" className=\\"svg-icon valign--middle\\" role=\\"img\\">
        				<use xlink:href=\\"#icon-chevron-right\\" />
        				</svg>
        			</span>",
          "prevArrow": "<span class=\\"svg svg--chevron-left\\">
        				<svg preserveAspectRatio=\\"xMinYMin meet\\" width=\\"12\\" height=\\"12\\" viewBox=\\"0 0 12 12\\" className=\\"svg-icon valign--middle\\" role=\\"img\\">
        				<use xlink:href=\\"#icon-chevron-left\\" />
        				</svg>
        			</span>",
        }
      }
      value={2012-10-12T00:00:00.000Z}
    >
      <input
        aria-label="Use arrow keys to navigate the calendar"
        className="input--dateTimePicker select--reset field--error"
        defaultValue={undefined}
        id="beyonce"
      />
    </DateTimePicker>
    <p
      className="text--error text--small"
    >
      this is an error
    </p>
  </div>
</Cal>
`;
