// Jest Snapshot v1, https://goo.gl/fbAQLP

exports[`CalendarComponent renders the calendarComponent with appropriate attributes 1`] = `
<div>
  <span>
    <input
      aria-describedby="halo-error"
      aria-invalid={true}
      className="input--dateTimePicker select--reset beyonce-halo"
      defaultValue={2012-10-12T00:00:00.000Z}
      id="beyonce"
      name="halo"
      onChangeCallback={[Function]}
      type="text"
    />
  </span>
  <ErrorList
    errorId="halo-error"
    errors="this is an error"
  />
</div>
`;
