// Jest Snapshot v1, https://goo.gl/fbAQLP

exports[`DateTimeLocal input should render an input with type time and expected attrs 1`] = `
<div>
  <label
    className="required"
  />
  <input
    className="input--dateTimeLocal"
    max="3002-01-01T04:59:59.000Z"
    min="1999-12-30T05:00:00.000Z"
    name="datetime"
    onChange={[Function]}
    required={true}
    type="datetime-local"
    value="2000-01-01T04:59:59.000Z"
  />
</div>
`;
