// Jest Snapshot v1, https://goo.gl/fbAQLP

exports[`TextInput renders a required HTML <input> with expected attributes for mock data 1`] = `
<TextInput
  id="superhero"
  label="Super Hero"
  maxLength={20}
  name="superhero"
  onChange={[MockFunction]}
  value="Batman"
>
  <div>
    <FieldLabel
      className=""
      htmlFor="superhero"
    >
      <label
        className=""
        data-swarm-field-label={true}
        htmlFor="superhero"
      >
        Super Hero
      </label>
    </FieldLabel>
    <div
      data-swarm-select-wrapper="1"
    >
      <TextInput
        aria-label="superhero"
        id="superhero"
        maxLength={20}
        name="superhero"
        onChange={[Function]}
        onInvalid={[Function]}
        value="Batman"
      >
        <div
          data-swarm-text-input-wrapper="default"
        >
          <input
            aria-label="superhero"
            data-swarm-text-input="default"
            id="superhero"
            name="superhero"
            onChange={[Function]}
            onInvalid={[Function]}
            type="text"
            value="Batman"
          />
          <CharCount
            charLength={6}
            maxLength={20}
          >
            <p
              className="text--tiny"
              data-swarm-textarea-char-count={true}
            >
              14
            </p>
          </CharCount>
        </div>
      </TextInput>
    </div>
  </div>
</TextInput>
`;
