// Jest Snapshot v1, https://goo.gl/fbAQLP

exports[`TogglePill renders a component with expected attributes 1`] = `
<WithToggle
  id="hikingCategory"
  isActive={false}
  labelClassName="someClass"
  large={true}
  name="meetupCategories"
  onChange={[Function]}
  value="hiking"
>
  <span
    aria-pressed={false}
    onKeyUp={[Function]}
    role="button"
    tabIndex="0"
  >
    <TogglePill
      id="hikingCategory"
      isActive={false}
      labelClassName="someClass"
      large={true}
      name="meetupCategories"
      onChange={[Function]}
      toggleActive={[Function]}
      value="hiking"
    >
      <div
        className="toggleButton"
      >
        <input
          checked={false}
          className="toggleButton-input visibility--a11yHide"
          id="hikingCategory"
          name="meetupCategories"
          onChange={[Function]}
          tabIndex={-1}
          type="checkbox"
          value="hiking"
        />
        <label
          className="toggleButton-label toggleButton-label--large someClass"
          htmlFor="hikingCategory"
        >
          Hiking!
        </label>
      </div>
    </TogglePill>
  </span>
</WithToggle>
`;
