// Jest Snapshot v1, https://goo.gl/fbAQLP

exports[`TogglePill renders a component with expected attributes 1`] = `
<TogglePill
  id="hikingCategory"
  isActive={false}
  name="meetupCategories"
  onChange={[MockFunction]}
  value="hiking"
>
  <TogglePill
    checked={false}
    id="hikingCategory"
    name="meetupCategories"
    onClick={[MockFunction]}
    value="hiking"
  >
    <button
      aria-checked={false}
      checked={false}
      data-swarm-toggle-pill="unchecked"
      id="hikingCategory"
      name="meetupCategories"
      onClick={[MockFunction]}
      role="checkbox"
      value="hiking"
    >
      <span>
        Hiking!
      </span>
    </button>
  </TogglePill>
</TogglePill>
`;
